// Vitest Snapshot v1, https://vitest.dev/guide/snapshot.html

exports[`Comment icon > renders the icon 1`] = `
<svg
  fill="none"
  height="24"
  role="icon"
  viewBox="0 0 24 24"
  width="24"
>
  <path
    d="M2 19.6392V5.96392C2 4.73662 2.99492 3.7417 4.22222 3.7417H19.7778C21.0051 3.7417 22 4.73662 22 5.96392V15.4185C22 16.6458 21.0051 17.6407 19.7778 17.6407H7.5125C6.83742 17.6407 5.77723 18.4747 5.77723 18.4747L3.18724 20.0556C3.18724 20.0556 2 20.7213 2 19.6392Z"
    stroke="black"
    stroke-width="1.4"
  />
  <path
    d="M6.5 13.0915H17.5"
    stroke="black"
    stroke-linecap="round"
    stroke-linejoin="round"
  />
  <path
    d="M6.50101 9.09153L15.501 9.09149"
    stroke="black"
    stroke-linecap="round"
    stroke-linejoin="round"
  />
</svg>
`;
