// Vitest Snapshot v1, https://vitest.dev/guide/snapshot.html

exports[`Share icon > renders the icon 1`] = `
<svg
  fill="none"
  height="24"
  role="icon"
  viewBox="0 0 24 24"
  width="24"
>
  <path
    d="M10.5959 13.3974L22.5997 2.78917M10.5959 13.3974L2.55763 8.95484C2.40182 8.86873 2.4277 8.63727 2.59868 8.5877L22.5997 2.78917M10.5959 13.3974L13.8261 21.7852C13.8902 21.9516 14.1235 21.9572 14.1956 21.7942L22.5997 2.78917"
    stroke="black"
    stroke-width="1.6"
  />
</svg>
`;
