// Vitest Snapshot v1, https://vitest.dev/guide/snapshot.html

exports[`Triangle icon > renders the icon 1`] = `
<svg
  fill="none"
  role="icon"
  viewBox="0 0 13 16"
  xmlns="http://www.w3.org/2000/svg"
>
  <path
    d="M12 6.26795C13.3333 7.03775 13.3333 8.96225 12 9.73205L3 14.9282C1.66667 15.698 0 14.7358 0 13.1962L0 2.80385C0 1.26425 1.66667 0.301996 3 1.0718L12 6.26795Z"
    fill="#D9D9D9"
  />
</svg>
`;
