// Vitest Snapshot v1, https://vitest.dev/guide/snapshot.html

exports[`UpRight icon > renders the icon 1`] = `
<svg
  fill="none"
  height="20"
  role="icon"
  viewBox="0 0 20 20"
  width="20"
>
  <path
    d="M1.5 2H17.5M17.5 2V18M17.5 2L1.5 18"
    stroke="#000C1A"
    stroke-width="4"
  />
</svg>
`;
