// Vitest Snapshot v1, https://vitest.dev/guide/snapshot.html

exports[`ActionButtons > renders correctly and matches snapshot 1`] = `
<div>
  <div
    class="container"
  >
    <button
      aria-label="plus"
      class="btn action-button"
    >
      <div
        color="red"
        height="32"
        role="icon"
        width="32"
      >
        +
      </div>
    </button>
    <button
      aria-label="settings"
      class="btn action-button"
    >
      <svg
        fill="none"
        height="24"
        viewBox="0 0 24 24"
        width="24"
        xmlns="http://www.w3.org/2000/svg"
      >
        <path
          d="M9.40999 7.29999H9.4"
          stroke="currentColor"
          stroke-linecap="round"
          stroke-width="2.6"
        />
        <path
          d="M14.6 7.29999H14.59"
          stroke="currentColor"
          stroke-linecap="round"
          stroke-width="2.6"
        />
        <path
          d="M9.30999 12H9.3"
          stroke="currentColor"
          stroke-linecap="round"
          stroke-width="2.6"
        />
        <path
          d="M14.6 12H14.59"
          stroke="currentColor"
          stroke-linecap="round"
          stroke-width="2.6"
        />
        <path
          d="M9.40999 16.7H9.4"
          stroke="currentColor"
          stroke-linecap="round"
          stroke-width="2.6"
        />
        <path
          d="M14.6 16.7H14.59"
          stroke="currentColor"
          stroke-linecap="round"
          stroke-width="2.6"
        />
      </svg>
    </button>
  </div>
</div>
`;
