// Vitest Snapshot v1, https://vitest.dev/guide/snapshot.html

exports[`Team page > snapshot 1`] = `
<body>
  <div>
    <div
      class="container flex-1"
    >
      <h1
        class="text-center"
      >
        Bizning Jamoa
      </h1>
      <div
        class="cards-container"
      >
        <div
          class="card text-center position-relative member"
        >
          <div
            class="avatar-container"
          >
            <div
              class="avatar avatar--extra-large avatar"
              style="border-color: rgba(245, 245, 245, 0.1);"
            >
              <img
                alt="UPPER"
                data-nimg="fill"
                decoding="async"
                loading="lazy"
                sizes="100vw"
                src="http://localhost:3000/_next/image?url=%2Fteam%2Fjuratbek.jpg&w=3840&q=75"
                srcset="/_next/image?url=%2Fteam%2Fjuratbek.jpg&w=640&q=75 640w, /_next/image?url=%2Fteam%2Fjuratbek.jpg&w=750&q=75 750w, /_next/image?url=%2Fteam%2Fjuratbek.jpg&w=828&q=75 828w, /_next/image?url=%2Fteam%2Fjuratbek.jpg&w=1080&q=75 1080w, /_next/image?url=%2Fteam%2Fjuratbek.jpg&w=1200&q=75 1200w, /_next/image?url=%2Fteam%2Fjuratbek.jpg&w=1920&q=75 1920w, /_next/image?url=%2Fteam%2Fjuratbek.jpg&w=2048&q=75 2048w, /_next/image?url=%2Fteam%2Fjuratbek.jpg&w=3840&q=75 3840w"
                style="position: absolute; height: 100%; width: 100%; left: 0px; top: 0px; right: 0px; bottom: 0px; object-fit: cover; color: transparent;"
              />
            </div>
          </div>
          <h2>
            Jur'atbek
          </h2>
          <p>
            Asoschi
          </p>
          <div>
            <a
              class="icon"
              href="https://www.linkedin.com/in/jur-atbek-mahammadaliyev-b66396203"
              target="_blank"
            >
              <svg
                fill="none"
                height="24"
                role="icon"
                viewBox="0 0 24 24"
                width="24"
              >
                <path
                  d="M5.58789 7.22266C4.5918 7.22266 3.82031 6.44141 3.82031 5.51367C3.82031 4.58594 4.5918 3.81445 5.58789 3.81445C6.59375 3.81445 7.35547 4.58594 7.35547 5.51367C7.35547 6.44141 6.59375 7.22266 5.58789 7.22266ZM3.85938 19V8.36523H7.31641V19H3.85938ZM9.00586 19V8.36523H12.4727V10.2402H12.541C13.0684 8.90234 14.1621 8.14062 15.7734 8.14062C18.1074 8.14062 19.4258 9.63477 19.4258 12.1543V19H15.9688V12.8965C15.9688 11.6758 15.3926 10.9629 14.2598 10.9629C13.1562 10.9629 12.4727 11.7832 12.4727 12.9648V19H9.00586Z"
                  fill="black"
                />
              </svg>
            </a>
            <a
              class="icon"
              href="/blogs/1"
              target="_self"
            >
              <svg
                fill="none"
                role="icon"
                viewBox="0 0 80 80"
                xmlns="http://www.w3.org/2000/svg"
              >
                <rect
                  height="75"
                  stroke="black"
                  stroke-width="7"
                  width="75"
                  x="2.5"
                  y="2.5"
                />
                <path
                  d="M49.8324 21.9091H54.3239V46.4673C54.3239 49.0028 53.7262 51.2667 52.5309 53.2589C51.3477 55.239 49.6754 56.8026 47.5142 57.9496C45.353 59.0845 42.8175 59.652 39.9077 59.652C36.9979 59.652 34.4624 59.0845 32.3011 57.9496C30.1399 56.8026 28.4616 55.239 27.2663 53.2589C26.0831 51.2667 25.4915 49.0028 25.4915 46.4673V21.9091H29.983V46.1051C29.983 47.9162 30.3814 49.5281 31.1783 50.9407C31.9751 52.3413 33.1101 53.446 34.5831 54.255C36.0682 55.0518 37.843 55.4503 39.9077 55.4503C41.9723 55.4503 43.7472 55.0518 45.2322 54.255C46.7173 53.446 47.8523 52.3413 48.6371 50.9407C49.434 49.5281 49.8324 47.9162 49.8324 46.1051V21.9091Z"
                  fill="black"
                />
              </svg>
            </a>
          </div>
        </div>
        <div
          class="card text-center position-relative member"
        >
          <div
            class="avatar-container"
          >
            <div
              class="avatar avatar--extra-large avatar"
              style="border-color: rgba(245, 245, 245, 0.1);"
            >
              <img
                alt="UPPER"
                data-nimg="fill"
                decoding="async"
                loading="lazy"
                sizes="100vw"
                src="http://localhost:3000/_next/image?url=%2Fteam%2Fsamandar_1.jpg&w=3840&q=75"
                srcset="/_next/image?url=%2Fteam%2Fsamandar_1.jpg&w=640&q=75 640w, /_next/image?url=%2Fteam%2Fsamandar_1.jpg&w=750&q=75 750w, /_next/image?url=%2Fteam%2Fsamandar_1.jpg&w=828&q=75 828w, /_next/image?url=%2Fteam%2Fsamandar_1.jpg&w=1080&q=75 1080w, /_next/image?url=%2Fteam%2Fsamandar_1.jpg&w=1200&q=75 1200w, /_next/image?url=%2Fteam%2Fsamandar_1.jpg&w=1920&q=75 1920w, /_next/image?url=%2Fteam%2Fsamandar_1.jpg&w=2048&q=75 2048w, /_next/image?url=%2Fteam%2Fsamandar_1.jpg&w=3840&q=75 3840w"
                style="position: absolute; height: 100%; width: 100%; left: 0px; top: 0px; right: 0px; bottom: 0px; object-fit: cover; color: transparent;"
              />
            </div>
          </div>
          <h2>
            Samandar
          </h2>
          <p>
            Asoschi
          </p>
          <div>
            <a
              class="icon"
              href="https://www.linkedin.com/in/boymurodov-samandar"
              target="_blank"
            >
              <svg
                fill="none"
                height="24"
                role="icon"
                viewBox="0 0 24 24"
                width="24"
              >
                <path
                  d="M5.58789 7.22266C4.5918 7.22266 3.82031 6.44141 3.82031 5.51367C3.82031 4.58594 4.5918 3.81445 5.58789 3.81445C6.59375 3.81445 7.35547 4.58594 7.35547 5.51367C7.35547 6.44141 6.59375 7.22266 5.58789 7.22266ZM3.85938 19V8.36523H7.31641V19H3.85938ZM9.00586 19V8.36523H12.4727V10.2402H12.541C13.0684 8.90234 14.1621 8.14062 15.7734 8.14062C18.1074 8.14062 19.4258 9.63477 19.4258 12.1543V19H15.9688V12.8965C15.9688 11.6758 15.3926 10.9629 14.2598 10.9629C13.1562 10.9629 12.4727 11.7832 12.4727 12.9648V19H9.00586Z"
                  fill="black"
                />
              </svg>
            </a>
            <a
              class="icon"
              href="/blogs/5"
              target="_self"
            >
              <svg
                fill="none"
                role="icon"
                viewBox="0 0 80 80"
                xmlns="http://www.w3.org/2000/svg"
              >
                <rect
                  height="75"
                  stroke="black"
                  stroke-width="7"
                  width="75"
                  x="2.5"
                  y="2.5"
                />
                <path
                  d="M49.8324 21.9091H54.3239V46.4673C54.3239 49.0028 53.7262 51.2667 52.5309 53.2589C51.3477 55.239 49.6754 56.8026 47.5142 57.9496C45.353 59.0845 42.8175 59.652 39.9077 59.652C36.9979 59.652 34.4624 59.0845 32.3011 57.9496C30.1399 56.8026 28.4616 55.239 27.2663 53.2589C26.0831 51.2667 25.4915 49.0028 25.4915 46.4673V21.9091H29.983V46.1051C29.983 47.9162 30.3814 49.5281 31.1783 50.9407C31.9751 52.3413 33.1101 53.446 34.5831 54.255C36.0682 55.0518 37.843 55.4503 39.9077 55.4503C41.9723 55.4503 43.7472 55.0518 45.2322 54.255C46.7173 53.446 47.8523 52.3413 48.6371 50.9407C49.434 49.5281 49.8324 47.9162 49.8324 46.1051V21.9091Z"
                  fill="black"
                />
              </svg>
            </a>
          </div>
        </div>
        <div
          class="card text-center position-relative member"
        >
          <div
            class="avatar-container"
          >
            <div
              class="avatar avatar--extra-large avatar"
              style="border-color: rgba(245, 245, 245, 0.1);"
            >
              <img
                alt="UPPER"
                data-nimg="fill"
                decoding="async"
                loading="lazy"
                sizes="100vw"
                src="http://localhost:3000/_next/image?url=%2Fteam%2Fmusojon.jpg&w=3840&q=75"
                srcset="/_next/image?url=%2Fteam%2Fmusojon.jpg&w=640&q=75 640w, /_next/image?url=%2Fteam%2Fmusojon.jpg&w=750&q=75 750w, /_next/image?url=%2Fteam%2Fmusojon.jpg&w=828&q=75 828w, /_next/image?url=%2Fteam%2Fmusojon.jpg&w=1080&q=75 1080w, /_next/image?url=%2Fteam%2Fmusojon.jpg&w=1200&q=75 1200w, /_next/image?url=%2Fteam%2Fmusojon.jpg&w=1920&q=75 1920w, /_next/image?url=%2Fteam%2Fmusojon.jpg&w=2048&q=75 2048w, /_next/image?url=%2Fteam%2Fmusojon.jpg&w=3840&q=75 3840w"
                style="position: absolute; height: 100%; width: 100%; left: 0px; top: 0px; right: 0px; bottom: 0px; object-fit: cover; color: transparent;"
              />
            </div>
          </div>
          <h2>
            Musojon
          </h2>
          <p>
            Frontend Dasturchi
          </p>
          <div>
            <a
              class="icon"
              href="https://www.linkedin.com/in/musojon-tursunov/"
              target="_blank"
            >
              <svg
                fill="none"
                height="24"
                role="icon"
                viewBox="0 0 24 24"
                width="24"
              >
                <path
                  d="M5.58789 7.22266C4.5918 7.22266 3.82031 6.44141 3.82031 5.51367C3.82031 4.58594 4.5918 3.81445 5.58789 3.81445C6.59375 3.81445 7.35547 4.58594 7.35547 5.51367C7.35547 6.44141 6.59375 7.22266 5.58789 7.22266ZM3.85938 19V8.36523H7.31641V19H3.85938ZM9.00586 19V8.36523H12.4727V10.2402H12.541C13.0684 8.90234 14.1621 8.14062 15.7734 8.14062C18.1074 8.14062 19.4258 9.63477 19.4258 12.1543V19H15.9688V12.8965C15.9688 11.6758 15.3926 10.9629 14.2598 10.9629C13.1562 10.9629 12.4727 11.7832 12.4727 12.9648V19H9.00586Z"
                  fill="black"
                />
              </svg>
            </a>
            <a
              class="icon"
              href="/blogs/207"
              target="_self"
            >
              <svg
                fill="none"
                role="icon"
                viewBox="0 0 80 80"
                xmlns="http://www.w3.org/2000/svg"
              >
                <rect
                  height="75"
                  stroke="black"
                  stroke-width="7"
                  width="75"
                  x="2.5"
                  y="2.5"
                />
                <path
                  d="M49.8324 21.9091H54.3239V46.4673C54.3239 49.0028 53.7262 51.2667 52.5309 53.2589C51.3477 55.239 49.6754 56.8026 47.5142 57.9496C45.353 59.0845 42.8175 59.652 39.9077 59.652C36.9979 59.652 34.4624 59.0845 32.3011 57.9496C30.1399 56.8026 28.4616 55.239 27.2663 53.2589C26.0831 51.2667 25.4915 49.0028 25.4915 46.4673V21.9091H29.983V46.1051C29.983 47.9162 30.3814 49.5281 31.1783 50.9407C31.9751 52.3413 33.1101 53.446 34.5831 54.255C36.0682 55.0518 37.843 55.4503 39.9077 55.4503C41.9723 55.4503 43.7472 55.0518 45.2322 54.255C46.7173 53.446 47.8523 52.3413 48.6371 50.9407C49.434 49.5281 49.8324 47.9162 49.8324 46.1051V21.9091Z"
                  fill="black"
                />
              </svg>
            </a>
          </div>
        </div>
        <div
          class="card text-center position-relative member"
        >
          <div
            class="avatar-container"
          >
            <div
              class="avatar avatar--extra-large avatar"
              style="border-color: rgba(245, 245, 245, 0.1);"
            >
              <img
                alt="UPPER"
                data-nimg="fill"
                decoding="async"
                loading="lazy"
                sizes="100vw"
                src="/_next/image?url=%2Fsocial_medi_logo.png&w=3840&q=75"
                srcset="/_next/image?url=%2Fsocial_medi_logo.png&w=640&q=75 640w, /_next/image?url=%2Fsocial_medi_logo.png&w=750&q=75 750w, /_next/image?url=%2Fsocial_medi_logo.png&w=828&q=75 828w, /_next/image?url=%2Fsocial_medi_logo.png&w=1080&q=75 1080w, /_next/image?url=%2Fsocial_medi_logo.png&w=1200&q=75 1200w, /_next/image?url=%2Fsocial_medi_logo.png&w=1920&q=75 1920w, /_next/image?url=%2Fsocial_medi_logo.png&w=2048&q=75 2048w, /_next/image?url=%2Fsocial_medi_logo.png&w=3840&q=75 3840w"
                style="position: absolute; height: 100%; width: 100%; left: 0px; top: 0px; right: 0px; bottom: 0px; color: transparent;"
              />
            </div>
          </div>
          <h2>
            Og'abek Yusufov
          </h2>
          <p>
            Web Dizayner
          </p>
          <div />
        </div>
        <div
          class="card text-center position-relative member"
        >
          <div
            class="avatar-container"
          >
            <div
              class="avatar avatar--extra-large avatar"
              style="border-color: rgba(245, 245, 245, 0.1);"
            >
              <img
                alt="UPPER"
                data-nimg="fill"
                decoding="async"
                loading="lazy"
                sizes="100vw"
                src="/_next/image?url=%2Fsocial_medi_logo.png&w=3840&q=75"
                srcset="/_next/image?url=%2Fsocial_medi_logo.png&w=640&q=75 640w, /_next/image?url=%2Fsocial_medi_logo.png&w=750&q=75 750w, /_next/image?url=%2Fsocial_medi_logo.png&w=828&q=75 828w, /_next/image?url=%2Fsocial_medi_logo.png&w=1080&q=75 1080w, /_next/image?url=%2Fsocial_medi_logo.png&w=1200&q=75 1200w, /_next/image?url=%2Fsocial_medi_logo.png&w=1920&q=75 1920w, /_next/image?url=%2Fsocial_medi_logo.png&w=2048&q=75 2048w, /_next/image?url=%2Fsocial_medi_logo.png&w=3840&q=75 3840w"
                style="position: absolute; height: 100%; width: 100%; left: 0px; top: 0px; right: 0px; bottom: 0px; color: transparent;"
              />
            </div>
          </div>
          <h2>
            Azimjon Nazarov
          </h2>
          <p>
            Backend Dasturchi
          </p>
          <div />
        </div>
        <div
          class="card text-center position-relative member"
        >
          <div
            class="avatar-container"
          >
            <div
              class="avatar avatar--extra-large avatar"
              style="border-color: rgba(245, 245, 245, 0.1);"
            >
              <img
                alt="UPPER"
                data-nimg="fill"
                decoding="async"
                loading="lazy"
                sizes="100vw"
                src="/_next/image?url=%2Fsocial_medi_logo.png&w=3840&q=75"
                srcset="/_next/image?url=%2Fsocial_medi_logo.png&w=640&q=75 640w, /_next/image?url=%2Fsocial_medi_logo.png&w=750&q=75 750w, /_next/image?url=%2Fsocial_medi_logo.png&w=828&q=75 828w, /_next/image?url=%2Fsocial_medi_logo.png&w=1080&q=75 1080w, /_next/image?url=%2Fsocial_medi_logo.png&w=1200&q=75 1200w, /_next/image?url=%2Fsocial_medi_logo.png&w=1920&q=75 1920w, /_next/image?url=%2Fsocial_medi_logo.png&w=2048&q=75 2048w, /_next/image?url=%2Fsocial_medi_logo.png&w=3840&q=75 3840w"
                style="position: absolute; height: 100%; width: 100%; left: 0px; top: 0px; right: 0px; bottom: 0px; color: transparent;"
              />
            </div>
          </div>
          <h2>
            Sobirjon
          </h2>
          <p>
            Backend Dasturchi
          </p>
          <div />
        </div>
      </div>
    </div>
  </div>
</body>
`;
