// Vitest Snapshot v1, https://vitest.dev/guide/snapshot.html

exports[`Editor block > snapshot 1`] = `
<body>
  <div>
    <div
      class="block"
      data-testid="block"
      id="9e02c085"
    >
      block content
    </div>
  </div>
</body>
`;
